{
  "sample_count": 59992,
  "receive_coverage_s": 600.000174892135,
  "receive_rate_hz": 99.98497085569164,
  "max_source_gap_s": 0.070006941,
  "max_receive_gap_s": 0.0894174575805664,
  "source_gap_ge_100ms": 0,
  "receive_gap_ge_100ms": 0,
  "duplicate_source_timestamps": 0,
  "regressions": 0,
  "invalid_samples": 0,
  "interpretation": "DIAGNOSTIC_ONLY_NOT_MOTION_READINESS",
  "case": "B_localhost",
  "topic": "/dsr01/joint_states",
  "duration_requested_s": 600.0,
  "first_receive_delay_s": 0.028500176034867764,
  "latest_receive_age_s": 0.05105967400595546,
  "rmw": "rmw_fastrtps_cpp",
  "environment": {
    "ROS_DOMAIN_ID": null,
    "ROS_LOCALHOST_ONLY": "1",
    "RMW_IMPLEMENTATION": null
  },
  "qos": {
    "reliability": "BEST_EFFORT",
    "durability": "VOLATILE",
    "history": "KEEP_LAST",
    "depth": 1
  },
  "publisher_endpoints": [
    {
      "node_name": "joint_state_broadcaster",
      "node_namespace": "/dsr01",
      "topic_type": "sensor_msgs/msg/JointState",
      "endpoint_gid": [
        1,
        15,
        11,
        206,
        229,
        117,
        69,
        24,
        0,
        0,
        0,
        0,
        0,
        0,
        71,
        3,
        0,
        0,
        0,
        0,
        0,
        0,
        0,
        0
      ],
      "reliability": "ReliabilityPolicy.RELIABLE",
      "durability": "DurabilityPolicy.TRANSIENT_LOCAL",
      "history": "HistoryPolicy.UNKNOWN",
      "depth": 0
    }
  ],
  "physical_commands": 0,
  "settings_changed": false
}
